[[{"name" "operation1"
   "service" "my-svc"
   "resource" "operation1"
   "type" nil
   "span_id" 0
   "trace_id" 0
   "parent_id" nil
   "start" 1620357312778593000
   "duration" 16000
   "meta" {"k" "v"
           "num" "1234"}
   "metrics" {"_sampling_priority_v1" 1.0
              "float_metric" 12.34
              "int_metric" 4321.0
              "_dd.tracer_kr" 0.0
              "_dd.top_level" 1.0}}]
 [{"name" "operation2"
   "service" "my-svc"
   "resource" "operation2"
   "type" nil
   "span_id" 0
   "trace_id" 1
   "parent_id" nil
   "start" 1620357312778622600
   "duration" 3700
   "meta" {"k" "v"
           "num" "1234"}
   "metrics" {"_sampling_priority_v1" 1.0
              "float_metric" 12.34
              "int_metric" 4321.0
              "_dd.tracer_kr" 0.0
              "_dd.top_level" 1.0}}]]
